// Jest Snapshot v1, https://goo.gl/fbAQLP

exports[`Home Screen renders correctly 1`] = `
<View
  style={
    [
      {
        "backgroundColor": "#111827",
      },
      {
        "display": "flex",
      },
      {
        "flexDirection": "column",
      },
      {
        "flexBasis": "0%",
        "flexGrow": 1,
        "flexShrink": 1,
      },
      {
        "justifyContent": "center",
      },
      {
        "alignItems": "center",
      },
    ]
  }
>
  <StatusBar
    style="light"
  />
  <MockedCard />
</View>
`;
